RETURNCODE: 0
STDOUT:
CUDA Available: True
GPU Device: NVIDIA GeForce RTX 3060 Laptop GPU
Loading F5-TTS model into GPU VRAM...

vocab :  E:\conda\Lib\site-packages\f5_tts\infer\examples\vocab.txt
token :  custom
model :  C:\Users\ACER\.cache\huggingface\hub\models--SWivid--F5-TTS\snapshots\84e5a410d9cead4de2f847e7c9369a6440bdfaca\F5TTS_v1_Base\model_1250000.safetensors 

Download Vocos from huggingface charactr/vocos-mel-24khz
Converting MP3 reference audio to WAV...
Synthesizing voice clone on CUDA...
gen_text 0 Good morning, Laddie! Overnight, the markets are showing resilience, with AI-driven demand for memory chips pushing Micron into the spotlight. Defense stocks like Lockheed Martin are steady, but don't let the calm fool you—there's a storm brewing in cyclical names. Mu is the real deal,
gen_text 1 but mind your flank on the tech sector. Your portfolio is well-positioned, but watch MU's volatility and LMT's margin concerns. Keep your shields up, Brother.


Generating audio in 2 batches...
SUCCESS: GPU Voice Clone saved to E:\lion_stuff\Da Projects\MIMIR-new\frontend\static\audio\cache\mimir_clone_dcbd2b27e455.mp3 (383660 bytes)

STDERR:
Warning: You are sending unauthenticated requests to the HF Hub. Please set a HF_TOKEN to enable higher rate limits and faster downloads.

  0%|          | 0/2 [00:00<?, ?it/s]
 50%|#####     | 1/2 [00:15<00:15, 15.78s/it]
100%|##########| 2/2 [00:15<00:00,  7.89s/it]

